---
source: crates/league-toolkit/src/core/animation/rig/builder.rs
expression: rig
---
RigResource {
    flags: 0,
    name: "my_rig",
    asset_name: "my_rig_asset",
    joints: [
        Joint {
            name: "root_1",
            flags: 10,
            id: 0,
            parent_id: -1,
            radius: 2.1,
            local_transform: Mat4 {
                x_axis: Vec4(
                    1.0,
                    0.0,
                    0.0,
                    0.0,
                ),
                y_axis: Vec4(
                    0.0,
                    1.0,
                    0.0,
                    0.0,
                ),
                z_axis: Vec4(
                    0.0,
                    0.0,
                    1.0,
                    0.0,
                ),
                w_axis: Vec4(
                    0.0,
                    0.0,
                    0.0,
                    1.0,
                ),
            },
            local_translation: Vec3(
                0.0,
                0.0,
                0.0,
            ),
            local_scale: Vec3(
                1.0,
                1.0,
                1.0,
            ),
            local_rotation: Quat(
                0.0,
                0.0,
                0.0,
                1.0,
            ),
            inverse_bind_transform: Mat4 {
                x_axis: Vec4(
                    1.0,
                    0.0,
                    0.0,
                    0.0,
                ),
                y_axis: Vec4(
                    0.0,
                    1.0,
                    0.0,
                    0.0,
                ),
                z_axis: Vec4(
                    0.0,
                    0.0,
                    1.0,
                    0.0,
                ),
                w_axis: Vec4(
                    0.0,
                    0.0,
                    0.0,
                    1.0,
                ),
            },
            inverse_bind_translation: Vec3(
                0.0,
                0.0,
                0.0,
            ),
            inverse_bind_scale: Vec3(
                1.0,
                1.0,
                1.0,
            ),
            inverse_bind_rotation: Quat(
                0.0,
                0.0,
                0.0,
                1.0,
            ),
        },
        Joint {
            name: "2a",
            flags: 11,
            id: 1,
            parent_id: 0,
            radius: 2.1,
            local_transform: Mat4 {
                x_axis: Vec4(
                    1.0,
                    0.0,
                    0.0,
                    0.0,
                ),
                y_axis: Vec4(
                    0.0,
                    1.0,
                    0.0,
                    0.0,
                ),
                z_axis: Vec4(
                    0.0,
                    0.0,
                    1.0,
                    0.0,
                ),
                w_axis: Vec4(
                    0.0,
                    0.0,
                    0.0,
                    1.0,
                ),
            },
            local_translation: Vec3(
                0.0,
                0.0,
                0.0,
            ),
            local_scale: Vec3(
                1.0,
                1.0,
                1.0,
            ),
            local_rotation: Quat(
                0.0,
                0.0,
                0.0,
                1.0,
            ),
            inverse_bind_transform: Mat4 {
                x_axis: Vec4(
                    1.0,
                    0.0,
                    0.0,
                    0.0,
                ),
                y_axis: Vec4(
                    0.0,
                    1.0,
                    0.0,
                    0.0,
                ),
                z_axis: Vec4(
                    0.0,
                    0.0,
                    1.0,
                    0.0,
                ),
                w_axis: Vec4(
                    0.0,
                    0.0,
                    0.0,
                    1.0,
                ),
            },
            inverse_bind_translation: Vec3(
                0.0,
                0.0,
                0.0,
            ),
            inverse_bind_scale: Vec3(
                1.0,
                1.0,
                1.0,
            ),
            inverse_bind_rotation: Quat(
                0.0,
                0.0,
                0.0,
                1.0,
            ),
        },
        Joint {
            name: "2b",
            flags: 12,
            id: 2,
            parent_id: 0,
            radius: 2.1,
            local_transform: Mat4 {
                x_axis: Vec4(
                    1.0,
                    0.0,
                    0.0,
                    0.0,
                ),
                y_axis: Vec4(
                    0.0,
                    1.0,
                    0.0,
                    0.0,
                ),
                z_axis: Vec4(
                    0.0,
                    0.0,
                    1.0,
                    0.0,
                ),
                w_axis: Vec4(
                    0.0,
                    0.0,
                    0.0,
                    1.0,
                ),
            },
            local_translation: Vec3(
                0.0,
                0.0,
                0.0,
            ),
            local_scale: Vec3(
                1.0,
                1.0,
                1.0,
            ),
            local_rotation: Quat(
                0.0,
                0.0,
                0.0,
                1.0,
            ),
            inverse_bind_transform: Mat4 {
                x_axis: Vec4(
                    1.0,
                    0.0,
                    0.0,
                    0.0,
                ),
                y_axis: Vec4(
                    0.0,
                    1.0,
                    0.0,
                    0.0,
                ),
                z_axis: Vec4(
                    0.0,
                    0.0,
                    1.0,
                    0.0,
                ),
                w_axis: Vec4(
                    0.0,
                    0.0,
                    0.0,
                    1.0,
                ),
            },
            inverse_bind_translation: Vec3(
                0.0,
                0.0,
                0.0,
            ),
            inverse_bind_scale: Vec3(
                1.0,
                1.0,
                1.0,
            ),
            inverse_bind_rotation: Quat(
                0.0,
                0.0,
                0.0,
                1.0,
            ),
        },
        Joint {
            name: "root_2",
            flags: 20,
            id: 3,
            parent_id: -1,
            radius: 2.1,
            local_transform: Mat4 {
                x_axis: Vec4(
                    1.0,
                    0.0,
                    0.0,
                    0.0,
                ),
                y_axis: Vec4(
                    0.0,
                    1.0,
                    0.0,
                    0.0,
                ),
                z_axis: Vec4(
                    0.0,
                    0.0,
                    1.0,
                    0.0,
                ),
                w_axis: Vec4(
                    0.0,
                    0.0,
                    0.0,
                    1.0,
                ),
            },
            local_translation: Vec3(
                0.0,
                0.0,
                0.0,
            ),
            local_scale: Vec3(
                1.0,
                1.0,
                1.0,
            ),
            local_rotation: Quat(
                0.0,
                0.0,
                0.0,
                1.0,
            ),
            inverse_bind_transform: Mat4 {
                x_axis: Vec4(
                    1.0,
                    0.0,
                    0.0,
                    0.0,
                ),
                y_axis: Vec4(
                    0.0,
                    1.0,
                    0.0,
                    0.0,
                ),
                z_axis: Vec4(
                    0.0,
                    0.0,
                    1.0,
                    0.0,
                ),
                w_axis: Vec4(
                    0.0,
                    0.0,
                    0.0,
                    1.0,
                ),
            },
            inverse_bind_translation: Vec3(
                0.0,
                0.0,
                0.0,
            ),
            inverse_bind_scale: Vec3(
                1.0,
                1.0,
                1.0,
            ),
            inverse_bind_rotation: Quat(
                0.0,
                0.0,
                0.0,
                1.0,
            ),
        },
        Joint {
            name: "2a",
            flags: 21,
            id: 4,
            parent_id: 3,
            radius: 2.1,
            local_transform: Mat4 {
                x_axis: Vec4(
                    1.0,
                    0.0,
                    0.0,
                    0.0,
                ),
                y_axis: Vec4(
                    0.0,
                    1.0,
                    0.0,
                    0.0,
                ),
                z_axis: Vec4(
                    0.0,
                    0.0,
                    1.0,
                    0.0,
                ),
                w_axis: Vec4(
                    0.0,
                    0.0,
                    0.0,
                    1.0,
                ),
            },
            local_translation: Vec3(
                0.0,
                0.0,
                0.0,
            ),
            local_scale: Vec3(
                1.0,
                1.0,
                1.0,
            ),
            local_rotation: Quat(
                0.0,
                0.0,
                0.0,
                1.0,
            ),
            inverse_bind_transform: Mat4 {
                x_axis: Vec4(
                    1.0,
                    0.0,
                    0.0,
                    0.0,
                ),
                y_axis: Vec4(
                    0.0,
                    1.0,
                    0.0,
                    0.0,
                ),
                z_axis: Vec4(
                    0.0,
                    0.0,
                    1.0,
                    0.0,
                ),
                w_axis: Vec4(
                    0.0,
                    0.0,
                    0.0,
                    1.0,
                ),
            },
            inverse_bind_translation: Vec3(
                0.0,
                0.0,
                0.0,
            ),
            inverse_bind_scale: Vec3(
                1.0,
                1.0,
                1.0,
            ),
            inverse_bind_rotation: Quat(
                0.0,
                0.0,
                0.0,
                1.0,
            ),
        },
        Joint {
            name: "2aa",
            flags: 211,
            id: 5,
            parent_id: 4,
            radius: 2.1,
            local_transform: Mat4 {
                x_axis: Vec4(
                    1.0,
                    0.0,
                    0.0,
                    0.0,
                ),
                y_axis: Vec4(
                    0.0,
                    1.0,
                    0.0,
                    0.0,
                ),
                z_axis: Vec4(
                    0.0,
                    0.0,
                    1.0,
                    0.0,
                ),
                w_axis: Vec4(
                    0.0,
                    0.0,
                    0.0,
                    1.0,
                ),
            },
            local_translation: Vec3(
                0.0,
                0.0,
                0.0,
            ),
            local_scale: Vec3(
                1.0,
                1.0,
                1.0,
            ),
            local_rotation: Quat(
                0.0,
                0.0,
                0.0,
                1.0,
            ),
            inverse_bind_transform: Mat4 {
                x_axis: Vec4(
                    1.0,
                    0.0,
                    0.0,
                    0.0,
                ),
                y_axis: Vec4(
                    0.0,
                    1.0,
                    0.0,
                    0.0,
                ),
                z_axis: Vec4(
                    0.0,
                    0.0,
                    1.0,
                    0.0,
                ),
                w_axis: Vec4(
                    0.0,
                    0.0,
                    0.0,
                    1.0,
                ),
            },
            inverse_bind_translation: Vec3(
                0.0,
                0.0,
                0.0,
            ),
            inverse_bind_scale: Vec3(
                1.0,
                1.0,
                1.0,
            ),
            inverse_bind_rotation: Quat(
                0.0,
                0.0,
                0.0,
                1.0,
            ),
        },
    ],
    influences: [
        2,
        4,
    ],
}
